// Jest Snapshot v1, https://goo.gl/fbAQLP

exports[`PasswordForm Component renders 1`] = `
<div>
  <div
    class="c-dhzjXW c-dhzjXW-ihydgyy-css"
  >
    <form
      aria-label="form"
      class="c-PJLV c-PJLV-ieHpPhp-css"
    >
      <div
        class="c-PJLV"
      >
        <div
          class="c-dhzjXW c-dhzjXW-iwHglP-css"
        >
          <label
            class="c-cVSpVL c-cVSpVL-gvmVBy-size-md c-cVSpVL-grKRUr-type-block"
            for="website"
          >
            Website
          </label>
        </div>
        <input
          class="c-fZTBsJ c-fZTBsJ-pHZal-size-md"
          id="website"
          name="website"
          placeholder="Website (e.g. https://google.com)"
          type="text"
        />
      </div>
      <div
        class="c-PJLV"
      >
        <div
          class="c-dhzjXW c-dhzjXW-iwHglP-css"
        >
          <label
            class="c-cVSpVL c-cVSpVL-gvmVBy-size-md c-cVSpVL-grKRUr-type-block"
            for="login"
          >
            Login
          </label>
        </div>
        <input
          class="c-fZTBsJ c-fZTBsJ-pHZal-size-md"
          id="login"
          name="login"
          placeholder="Login (e.g. you@example.com)"
          type="text"
        />
      </div>
      <button
        class="c-fkUJsw c-fkUJsw-elrwsr-size-md c-fkUJsw-gsycxF-cv"
        type="submit"
      >
        Submit
      </button>
    </form>
  </div>
</div>
`;
