// Jest Snapshot v1, https://goo.gl/fbAQLP

exports[`PasswordCard Component renders 1`] = `
<div>
  <div
    class="c-dhzjXW c-dhzjXW-iiSZeJd-css"
  >
    <div
      class="c-PJLV c-PJLV-igGuwjL-css"
    >
      <h2
        class="c-iSnHBU c-iSnHBU-bSbzjX-size-lg c-iSnHBU-ihJOZMv-css"
      >
        w
      </h2>
    </div>
    <div
      class="c-dhzjXW c-dhzjXW-ifKuKYp-css"
    >
      <h3
        class="c-iSnHBU c-iSnHBU-dtbHih-size-sm c-iSnHBU-ildsiYK-css"
      >
        www.google.com
      </h3>
      <p
        class="c-fIXJvv c-fIXJvv-bndJoy-size-sm c-fIXJvv-iesazQZ-css"
      >
        test-login
      </p>
    </div>
  </div>
</div>
`;
